// Jest Snapshot v1, https://goo.gl/fbAQLP

exports[`Toast should render Toast without props 1`] = `
<ErrorBoundary>
  <styled.div
    className="animation-start"
    delay={2000}
    id="1"
  >
    <styled.div>
      <InfoIcon />
    </styled.div>
    <styled.div>
      <styled.h4 />
      <styled.p />
    </styled.div>
    <styled.button
      data-id="1"
      onClick={[Function]}
    >
      <CloseIcon />
    </styled.button>
  </styled.div>
</ErrorBoundary>
`;
